Archive member included to satisfy reference by file (symbol)

c:/program files/microchip/xc8/v2.20/avr/bin/../lib/gcc/avr/5.4.0/avrxmega4/memx-const\libgcc.a(_exit.o)
                              C:/Program Files (x86)/Microchip/MPLABX/v5.40/packs/Microchip/AVR-Dx_DFP/1.1.40/xc8/avr/lib/avrxmega4/memx-const/crtavr128da48.o (exit)
c:/program files/microchip/xc8/v2.20/avr/bin/../lib/gcc/avr/5.4.0/avrxmega4/memx-const\libgcc.a(_copy_data.o)
                              build/default/production/mcc_generated_files/device_config.o (__do_copy_data)

Discarded input sections

 .data          0x0000000000000000        0x0 C:/Program Files (x86)/Microchip/MPLABX/v5.40/packs/Microchip/AVR-Dx_DFP/1.1.40/xc8/avr/lib/avrxmega4/memx-const/crtavr128da48.o
 .bss           0x0000000000000000        0x0 C:/Program Files (x86)/Microchip/MPLABX/v5.40/packs/Microchip/AVR-Dx_DFP/1.1.40/xc8/avr/lib/avrxmega4/memx-const/crtavr128da48.o
 .text          0x0000000000000000        0x0 build/default/production/mcc_generated_files/src/pin_manager.o
 .data          0x0000000000000000        0x0 build/default/production/mcc_generated_files/src/pin_manager.o
 .bss           0x0000000000000000        0x0 build/default/production/mcc_generated_files/src/pin_manager.o
 .text          0x0000000000000000        0x0 build/default/production/mcc_generated_files/src/cpuint.o
 .data          0x0000000000000000        0x0 build/default/production/mcc_generated_files/src/cpuint.o
 .bss           0x0000000000000000        0x0 build/default/production/mcc_generated_files/src/cpuint.o
 .text          0x0000000000000000        0x0 build/default/production/mcc_generated_files/src/protected_io.o
 .data          0x0000000000000000        0x0 build/default/production/mcc_generated_files/src/protected_io.o
 .bss           0x0000000000000000        0x0 build/default/production/mcc_generated_files/src/protected_io.o
 .text          0x0000000000000000        0x0 build/default/production/mcc_generated_files/mcc.o
 .data          0x0000000000000000        0x0 build/default/production/mcc_generated_files/mcc.o
 .bss           0x0000000000000000        0x0 build/default/production/mcc_generated_files/mcc.o
 .text          0x0000000000000000        0x0 build/default/production/mcc_generated_files/src/adc0.o
 .data          0x0000000000000000        0x0 build/default/production/mcc_generated_files/src/adc0.o
 .bss           0x0000000000000000        0x0 build/default/production/mcc_generated_files/src/adc0.o
 .text.ADC0_Enable
                0x0000000000000000        0xc build/default/production/mcc_generated_files/src/adc0.o
 .text.ADC0_Disable
                0x0000000000000000        0xc build/default/production/mcc_generated_files/src/adc0.o
 .text.ADC0_EnableAutoTrigger
                0x0000000000000000        0xc build/default/production/mcc_generated_files/src/adc0.o
 .text.ADC0_DisableAutoTrigger
                0x0000000000000000        0xc build/default/production/mcc_generated_files/src/adc0.o
 .text.ADC0_SetWindowHigh
                0x0000000000000000        0xa build/default/production/mcc_generated_files/src/adc0.o
 .text.ADC0_SetWindowLow
                0x0000000000000000        0xa build/default/production/mcc_generated_files/src/adc0.o
 .text.ADC0_SetWindowMode
                0x0000000000000000        0x6 build/default/production/mcc_generated_files/src/adc0.o
 .text.ADC0_SetWindowChannel
                0x0000000000000000        0x6 build/default/production/mcc_generated_files/src/adc0.o
 .text.ADC0_StartDiffConversion
                0x0000000000000000       0x14 build/default/production/mcc_generated_files/src/adc0.o
 .text.ADC0_StopConversion
                0x0000000000000000        0x8 build/default/production/mcc_generated_files/src/adc0.o
 .text.ADC0_GetWindowResult
                0x0000000000000000       0x10 build/default/production/mcc_generated_files/src/adc0.o
 .text.ADC0_GetConversion
                0x0000000000000000       0x1a build/default/production/mcc_generated_files/src/adc0.o
 .text.ADC0_GetDiffConversion
                0x0000000000000000       0x1e build/default/production/mcc_generated_files/src/adc0.o
 .text.ADC0_GetResolution
                0x0000000000000000       0x10 build/default/production/mcc_generated_files/src/adc0.o
 .text.ADC0_RegisterWindowCallback
                0x0000000000000000        0xa build/default/production/mcc_generated_files/src/adc0.o
 .text          0x0000000000000000        0x0 build/default/production/mcc_generated_files/src/vref.o
 .data          0x0000000000000000        0x0 build/default/production/mcc_generated_files/src/vref.o
 .bss           0x0000000000000000        0x0 build/default/production/mcc_generated_files/src/vref.o
 .text          0x0000000000000000        0x0 build/default/production/main.o
 .data          0x0000000000000000        0x0 build/default/production/main.o
 .bss           0x0000000000000000        0x0 build/default/production/main.o
 .text          0x0000000000000000        0x0 build/default/production/mcc_generated_files/device_config.o
 .data          0x0000000000000000        0x0 build/default/production/mcc_generated_files/device_config.o
 .bss           0x0000000000000000        0x0 build/default/production/mcc_generated_files/device_config.o
 .text          0x0000000000000000        0x0 c:/program files/microchip/xc8/v2.20/avr/bin/../lib/gcc/avr/5.4.0/avrxmega4/memx-const\libgcc.a(_exit.o)
 .data          0x0000000000000000        0x0 c:/program files/microchip/xc8/v2.20/avr/bin/../lib/gcc/avr/5.4.0/avrxmega4/memx-const\libgcc.a(_exit.o)
 .bss           0x0000000000000000        0x0 c:/program files/microchip/xc8/v2.20/avr/bin/../lib/gcc/avr/5.4.0/avrxmega4/memx-const\libgcc.a(_exit.o)
 .text.libgcc.mul
                0x0000000000000000        0x0 c:/program files/microchip/xc8/v2.20/avr/bin/../lib/gcc/avr/5.4.0/avrxmega4/memx-const\libgcc.a(_exit.o)
 .text.libgcc.div
                0x0000000000000000        0x0 c:/program files/microchip/xc8/v2.20/avr/bin/../lib/gcc/avr/5.4.0/avrxmega4/memx-const\libgcc.a(_exit.o)
 .text.libgcc   0x0000000000000000        0x0 c:/program files/microchip/xc8/v2.20/avr/bin/../lib/gcc/avr/5.4.0/avrxmega4/memx-const\libgcc.a(_exit.o)
 .text.libgcc.prologue
                0x0000000000000000        0x0 c:/program files/microchip/xc8/v2.20/avr/bin/../lib/gcc/avr/5.4.0/avrxmega4/memx-const\libgcc.a(_exit.o)
 .text.libgcc.builtins
                0x0000000000000000        0x0 c:/program files/microchip/xc8/v2.20/avr/bin/../lib/gcc/avr/5.4.0/avrxmega4/memx-const\libgcc.a(_exit.o)
 .text.libgcc.fmul
                0x0000000000000000        0x0 c:/program files/microchip/xc8/v2.20/avr/bin/../lib/gcc/avr/5.4.0/avrxmega4/memx-const\libgcc.a(_exit.o)
 .text.libgcc.fixed
                0x0000000000000000        0x0 c:/program files/microchip/xc8/v2.20/avr/bin/../lib/gcc/avr/5.4.0/avrxmega4/memx-const\libgcc.a(_exit.o)
 .text          0x0000000000000000        0x0 c:/program files/microchip/xc8/v2.20/avr/bin/../lib/gcc/avr/5.4.0/avrxmega4/memx-const\libgcc.a(_copy_data.o)
 .data          0x0000000000000000        0x0 c:/program files/microchip/xc8/v2.20/avr/bin/../lib/gcc/avr/5.4.0/avrxmega4/memx-const\libgcc.a(_copy_data.o)
 .bss           0x0000000000000000        0x0 c:/program files/microchip/xc8/v2.20/avr/bin/../lib/gcc/avr/5.4.0/avrxmega4/memx-const\libgcc.a(_copy_data.o)
 .text.libgcc.mul
                0x0000000000000000        0x0 c:/program files/microchip/xc8/v2.20/avr/bin/../lib/gcc/avr/5.4.0/avrxmega4/memx-const\libgcc.a(_copy_data.o)
 .text.libgcc.div
                0x0000000000000000        0x0 c:/program files/microchip/xc8/v2.20/avr/bin/../lib/gcc/avr/5.4.0/avrxmega4/memx-const\libgcc.a(_copy_data.o)
 .text.libgcc   0x0000000000000000        0x0 c:/program files/microchip/xc8/v2.20/avr/bin/../lib/gcc/avr/5.4.0/avrxmega4/memx-const\libgcc.a(_copy_data.o)
 .text.libgcc.prologue
                0x0000000000000000        0x0 c:/program files/microchip/xc8/v2.20/avr/bin/../lib/gcc/avr/5.4.0/avrxmega4/memx-const\libgcc.a(_copy_data.o)
 .text.libgcc.builtins
                0x0000000000000000        0x0 c:/program files/microchip/xc8/v2.20/avr/bin/../lib/gcc/avr/5.4.0/avrxmega4/memx-const\libgcc.a(_copy_data.o)
 .text.libgcc.fmul
                0x0000000000000000        0x0 c:/program files/microchip/xc8/v2.20/avr/bin/../lib/gcc/avr/5.4.0/avrxmega4/memx-const\libgcc.a(_copy_data.o)
 .text.libgcc.fixed
                0x0000000000000000        0x0 c:/program files/microchip/xc8/v2.20/avr/bin/../lib/gcc/avr/5.4.0/avrxmega4/memx-const\libgcc.a(_copy_data.o)

Memory Configuration

Name             Origin             Length             Attributes
text             0x0000000000000000 0x0000000000020000 xr
data             0x0000000000804000 0x0000000000004000 rw !x
eeprom           0x0000000000810000 0x0000000000000200 rw !x
fuse             0x0000000000820000 0x0000000000000010 rw !x
lock             0x0000000000830000 0x0000000000000400 rw !x
signature        0x0000000000840000 0x0000000000000400 rw !x
user_signatures  0x0000000000850000 0x0000000000000400 rw !x
*default*        0x0000000000000000 0xffffffffffffffff

Linker script and memory map

Address of section .data set to 0x804000
                0x0000000000008000                __RODATA_PM_OFFSET__ = 0x8000
LOAD C:/Program Files (x86)/Microchip/MPLABX/v5.40/packs/Microchip/AVR-Dx_DFP/1.1.40/xc8/avr/lib/avrxmega4/memx-const/crtavr128da48.o
                0x0000000000000001                __MPLAB_BUILD = 0x1
LOAD build/default/production/mcc_generated_files/src/pin_manager.o
LOAD build/default/production/mcc_generated_files/src/cpuint.o
LOAD build/default/production/mcc_generated_files/src/protected_io.o
LOAD build/default/production/mcc_generated_files/mcc.o
LOAD build/default/production/mcc_generated_files/src/adc0.o
LOAD build/default/production/mcc_generated_files/src/vref.o
LOAD build/default/production/main.o
LOAD build/default/production/mcc_generated_files/device_config.o
START GROUP
LOAD c:/program files/microchip/xc8/v2.20/avr/bin/../lib/gcc/avr/5.4.0/../../../../avr/lib/avrxmega4/memx-const\libm.a
END GROUP
START GROUP
LOAD c:/program files/microchip/xc8/v2.20/avr/bin/../lib/gcc/avr/5.4.0/avrxmega4/memx-const\libgcc.a
LOAD c:/program files/microchip/xc8/v2.20/avr/bin/../lib/gcc/avr/5.4.0/../../../../avr/lib/avrxmega4/memx-const\libm.a
LOAD c:/program files/microchip/xc8/v2.20/avr/bin/../lib/gcc/avr/5.4.0/../../../../avr/lib/avrxmega4/memx-const\libc.a
LOAD C:/Program Files (x86)/Microchip/MPLABX/v5.40/packs/Microchip/AVR-Dx_DFP/1.1.40/xc8/avr/lib/avrxmega4/memx-const\libavr128da48.a
END GROUP
                [0x0000000000000000]                __TEXT_REGION_ORIGIN__ = DEFINED (__TEXT_REGION_ORIGIN__)?__TEXT_REGION_ORIGIN__:0x0
                [0x0000000000804000]                __DATA_REGION_ORIGIN__ = DEFINED (__DATA_REGION_ORIGIN__)?__DATA_REGION_ORIGIN__:0x802000
                [0x0000000000020000]                __TEXT_REGION_LENGTH__ = DEFINED (__TEXT_REGION_LENGTH__)?__TEXT_REGION_LENGTH__:0x100000
                [0x0000000000004000]                __DATA_REGION_LENGTH__ = DEFINED (__DATA_REGION_LENGTH__)?__DATA_REGION_LENGTH__:0xffa0
                [0x0000000000000200]                __EEPROM_REGION_LENGTH__ = DEFINED (__EEPROM_REGION_LENGTH__)?__EEPROM_REGION_LENGTH__:0x10000
                [0x0000000000000010]                __FUSE_REGION_LENGTH__ = DEFINED (__FUSE_REGION_LENGTH__)?__FUSE_REGION_LENGTH__:0x400
                0x0000000000000400                __LOCK_REGION_LENGTH__ = DEFINED (__LOCK_REGION_LENGTH__)?__LOCK_REGION_LENGTH__:0x400
                0x0000000000000400                __SIGNATURE_REGION_LENGTH__ = DEFINED (__SIGNATURE_REGION_LENGTH__)?__SIGNATURE_REGION_LENGTH__:0x400
                0x0000000000000400                __USER_SIGNATURE_REGION_LENGTH__ = DEFINED (__USER_SIGNATURE_REGION_LENGTH__)?__USER_SIGNATURE_REGION_LENGTH__:0x400

.hash
 *(.hash)

.dynsym
 *(.dynsym)

.dynstr
 *(.dynstr)

.gnu.version
 *(.gnu.version)

.gnu.version_d
 *(.gnu.version_d)

.gnu.version_r
 *(.gnu.version_r)

.rel.init
 *(.rel.init)

.rela.init
 *(.rela.init)

.rel.text
 *(.rel.text)
 *(.rel.text.*)
 *(.rel.gnu.linkonce.t*)

.rela.text
 *(.rela.text)
 *(.rela.text.*)
 *(.rela.gnu.linkonce.t*)

.rel.fini
 *(.rel.fini)

.rela.fini
 *(.rela.fini)

.rel.rodata
 *(.rel.rodata)
 *(.rel.rodata.*)
 *(.rel.gnu.linkonce.r*)

.rela.rodata
 *(.rela.rodata)
 *(.rela.rodata.*)
 *(.rela.gnu.linkonce.r*)

.rel.data
 *(.rel.data)
 *(.rel.data.*)
 *(.rel.gnu.linkonce.d*)

.rela.data
 *(.rela.data)
 *(.rela.data.*)
 *(.rela.gnu.linkonce.d*)

.rel.ctors
 *(.rel.ctors)

.rela.ctors
 *(.rela.ctors)

.rel.dtors
 *(.rel.dtors)

.rela.dtors
 *(.rela.dtors)

.rel.got
 *(.rel.got)

.rela.got
 *(.rela.got)

.rel.bss
 *(.rel.bss)

.rela.bss
 *(.rela.bss)

.rel.plt
 *(.rel.plt)

.rela.plt
 *(.rela.plt)

.text           0x0000000000000000      0x146
 *(.vectors)
 .vectors       0x0000000000000000       0xe8 C:/Program Files (x86)/Microchip/MPLABX/v5.40/packs/Microchip/AVR-Dx_DFP/1.1.40/xc8/avr/lib/avrxmega4/memx-const/crtavr128da48.o
                0x0000000000000000                __vector_default
                0x0000000000000000                __vectors
 *(.vectors)
 *(.progmem.gcc*)
 *(.dinit)
 .dinit         0x00000000000000e8        0x5 data_init
                0x00000000000000ee                . = ALIGN (0x2)
 *fill*         0x00000000000000ed        0x1 
                0x00000000000000ee                __trampolines_start = .
 *(.trampolines)
 .trampolines   0x00000000000000ee        0x0 linker stubs
 *(.trampolines*)
                0x00000000000000ee                __trampolines_end = .
 *libprintf_flt.a:*(.progmem.data)
 *libc.a:*(.progmem.data)
                0x00000000000000ee                . = ALIGN (0x2)
 *(.jumptables)
 *(.jumptables*)
 *(.lowtext)
 *(.lowtext*)
                0x00000000000000ee                __ctors_start = .
 *(.ctors)
                0x00000000000000ee                __ctors_end = .
                0x00000000000000ee                __dtors_start = .
 *(.dtors)
                0x00000000000000ee                __dtors_end = .
 SORT(*)(.ctors)
 SORT(*)(.dtors)
 *(.init0)
 .init0         0x00000000000000ee        0x0 C:/Program Files (x86)/Microchip/MPLABX/v5.40/packs/Microchip/AVR-Dx_DFP/1.1.40/xc8/avr/lib/avrxmega4/memx-const/crtavr128da48.o
                0x00000000000000ee                __init
 *(.init0)
 *(.init1)
 *(.init1)
 *(.init2)
 .init2         0x00000000000000ee        0xc C:/Program Files (x86)/Microchip/MPLABX/v5.40/packs/Microchip/AVR-Dx_DFP/1.1.40/xc8/avr/lib/avrxmega4/memx-const/crtavr128da48.o
 *(.init2)
 *(.init3)
 *(.init3)
 *(.init4)
 .init4         0x00000000000000fa       0x40 c:/program files/microchip/xc8/v2.20/avr/bin/../lib/gcc/avr/5.4.0/avrxmega4/memx-const\libgcc.a(_copy_data.o)
                0x00000000000000fa                __do_copy_data
                0x000000000000012c                __do_clear_bss
 *(.init4)
 *(.init5)
 *(.init5)
 *(.init6)
 *(.init6)
 *(.init7)
 *(.init7)
 *(.init8)
 *(.init8)
 *(.init9)
 .init9         0x000000000000013a        0x8 C:/Program Files (x86)/Microchip/MPLABX/v5.40/packs/Microchip/AVR-Dx_DFP/1.1.40/xc8/avr/lib/avrxmega4/memx-const/crtavr128da48.o
 *(.init9)
                0x0000000000000142                . = ALIGN (0x2)
 *(.fini9)
 .fini9         0x0000000000000142        0x0 c:/program files/microchip/xc8/v2.20/avr/bin/../lib/gcc/avr/5.4.0/avrxmega4/memx-const\libgcc.a(_exit.o)
                0x0000000000000142                _exit
                0x0000000000000142                exit
 *(.fini9)
 *(.fini8)
 *(.fini8)
 *(.fini7)
 *(.fini7)
 *(.fini6)
 *(.fini6)
 *(.fini5)
 *(.fini5)
 *(.fini4)
 *(.fini4)
 *(.fini3)
 *(.fini3)
 *(.fini2)
 *(.fini2)
 *(.fini1)
 *(.fini1)
 *(.fini0)
 .fini0         0x0000000000000142        0x4 c:/program files/microchip/xc8/v2.20/avr/bin/../lib/gcc/avr/5.4.0/avrxmega4/memx-const\libgcc.a(_exit.o)
 *(.fini0)
                0x0000000000000146                _etext = .

.data           0x0000000000804000        0x0 load address 0x0000000000000146
                [!provide]                        PROVIDE (__data_start, .)
 *(.gnu.linkonce.d*)
 *(.gnu.linkonce.r*)
                0x0000000000804000                . = ALIGN (0x2)
                0x0000000000804000                _edata = .
                [!provide]                        PROVIDE (__data_end, .)

.bss            0x0000000000804000        0x0
                [!provide]                        PROVIDE (__bss_start, .)
 *(COMMON)
                [!provide]                        PROVIDE (__bss_end, .)
                0x0000000000000146                __data_load_start = LOADADDR (.data)
                0x0000000000000146                __data_load_end = (__data_load_start + SIZEOF (.data))

.noinit         0x0000000000804000        0x0
                [!provide]                        PROVIDE (__noinit_start, .)
 *(.noinit*)
                [!provide]                        PROVIDE (__noinit_end, .)
                0x0000000000804000                _end = .

.eeprom         0x0000000000810000        0x0
 *(.eeprom*)
                0x0000000000810000                __eeprom_end = .

.fuse           0x0000000000820000        0x9
 *(.fuse)
 .fuse          0x0000000000820000        0x9 build/default/production/mcc_generated_files/device_config.o
                0x0000000000820000                __fuse
 *(.lfuse)
 *(.hfuse)
 *(.efuse)

.lock
 *(.lock*)

.signature
 *(.signature*)

.user_signatures
 *(.user_signatures*)

.stab
 *(.stab)

.stabstr
 *(.stabstr)

.stab.excl
 *(.stab.excl)

.stab.exclstr
 *(.stab.exclstr)

.stab.index
 *(.stab.index)

.stab.indexstr
 *(.stab.indexstr)

.comment        0x0000000000000000       0x2f
 *(.comment)
 .comment       0x0000000000000000       0x2f build/default/production/mcc_generated_files/src/pin_manager.o
                                         0x30 (size before relaxing)
 .comment       0x000000000000002f       0x30 build/default/production/mcc_generated_files/src/cpuint.o
 .comment       0x000000000000002f       0x30 build/default/production/mcc_generated_files/mcc.o
 .comment       0x000000000000002f       0x30 build/default/production/mcc_generated_files/src/adc0.o
 .comment       0x000000000000002f       0x30 build/default/production/mcc_generated_files/src/vref.o
 .comment       0x000000000000002f       0x30 build/default/production/main.o
 .comment       0x000000000000002f       0x30 build/default/production/mcc_generated_files/device_config.o

.note.gnu.build-id
 *(.note.gnu.build-id)

.debug
 *(.debug)

.line
 *(.line)

.debug_srcinfo
 *(.debug_srcinfo)

.debug_sfnames
 *(.debug_sfnames)

.debug_aranges  0x0000000000000000      0x1c8
 *(.debug_aranges)
 .debug_aranges
                0x0000000000000000       0x28 build/default/production/mcc_generated_files/src/pin_manager.o
 .debug_aranges
                0x0000000000000028       0x20 build/default/production/mcc_generated_files/src/cpuint.o
 .debug_aranges
                0x0000000000000048       0x20 build/default/production/mcc_generated_files/src/protected_io.o
 .debug_aranges
                0x0000000000000068       0x48 build/default/production/mcc_generated_files/mcc.o
 .debug_aranges
                0x00000000000000b0       0xc0 build/default/production/mcc_generated_files/src/adc0.o
 .debug_aranges
                0x0000000000000170       0x20 build/default/production/mcc_generated_files/src/vref.o
 .debug_aranges
                0x0000000000000190       0x20 build/default/production/main.o
 .debug_aranges
                0x00000000000001b0       0x18 build/default/production/mcc_generated_files/device_config.o

.debug_pubnames
 *(.debug_pubnames)

.debug_info     0x0000000000000000     0x615f
 *(.debug_info .gnu.linkonce.wi.*)
 .debug_info    0x0000000000000000     0x2c24 C:/Program Files (x86)/Microchip/MPLABX/v5.40/packs/Microchip/AVR-Dx_DFP/1.1.40/xc8/avr/lib/avrxmega4/memx-const/crtavr128da48.o
 .debug_info    0x0000000000002c24      0x6bd build/default/production/mcc_generated_files/src/pin_manager.o
 .debug_info    0x00000000000032e1      0x3ff build/default/production/mcc_generated_files/src/cpuint.o
 .debug_info    0x00000000000036e0       0xa7 build/default/production/mcc_generated_files/src/protected_io.o
 .debug_info    0x0000000000003787      0x9f3 build/default/production/mcc_generated_files/mcc.o
 .debug_info    0x000000000000417a      0xe94 build/default/production/mcc_generated_files/src/adc0.o
 .debug_info    0x000000000000500e      0x372 build/default/production/mcc_generated_files/src/vref.o
 .debug_info    0x0000000000005380      0x577 build/default/production/main.o
 .debug_info    0x00000000000058f7      0x868 build/default/production/mcc_generated_files/device_config.o

.debug_abbrev   0x0000000000000000     0x3153
 *(.debug_abbrev)
 .debug_abbrev  0x0000000000000000     0x29ce C:/Program Files (x86)/Microchip/MPLABX/v5.40/packs/Microchip/AVR-Dx_DFP/1.1.40/xc8/avr/lib/avrxmega4/memx-const/crtavr128da48.o
 .debug_abbrev  0x00000000000029ce       0xee build/default/production/mcc_generated_files/src/pin_manager.o
 .debug_abbrev  0x0000000000002abc       0xfa build/default/production/mcc_generated_files/src/cpuint.o
 .debug_abbrev  0x0000000000002bb6       0x14 build/default/production/mcc_generated_files/src/protected_io.o
 .debug_abbrev  0x0000000000002bca      0x169 build/default/production/mcc_generated_files/mcc.o
 .debug_abbrev  0x0000000000002d33      0x235 build/default/production/mcc_generated_files/src/adc0.o
 .debug_abbrev  0x0000000000002f68       0x8c build/default/production/mcc_generated_files/src/vref.o
 .debug_abbrev  0x0000000000002ff4       0xc8 build/default/production/main.o
 .debug_abbrev  0x00000000000030bc       0x97 build/default/production/mcc_generated_files/device_config.o

.debug_line     0x0000000000000000     0x118c
 *(.debug_line .debug_line.* .debug_line_end)
 .debug_line    0x0000000000000000      0x1f6 C:/Program Files (x86)/Microchip/MPLABX/v5.40/packs/Microchip/AVR-Dx_DFP/1.1.40/xc8/avr/lib/avrxmega4/memx-const/crtavr128da48.o
 .debug_line    0x00000000000001f6      0x3e5 build/default/production/mcc_generated_files/src/pin_manager.o
 .debug_line    0x00000000000005db      0x18d build/default/production/mcc_generated_files/src/cpuint.o
 .debug_line    0x0000000000000768       0x6c build/default/production/mcc_generated_files/src/protected_io.o
 .debug_line    0x00000000000007d4      0x26b build/default/production/mcc_generated_files/mcc.o
 .debug_line    0x0000000000000a3f      0x3dc build/default/production/mcc_generated_files/src/adc0.o
 .debug_line    0x0000000000000e1b      0x11b build/default/production/mcc_generated_files/src/vref.o
 .debug_line    0x0000000000000f36      0x15e build/default/production/main.o
 .debug_line    0x0000000000001094       0xf8 build/default/production/mcc_generated_files/device_config.o

.debug_frame    0x0000000000000000      0x2f4
 *(.debug_frame)
 .debug_frame   0x0000000000000000       0x48 build/default/production/mcc_generated_files/src/pin_manager.o
 .debug_frame   0x0000000000000048       0x24 build/default/production/mcc_generated_files/src/cpuint.o
 .debug_frame   0x000000000000006c       0x84 build/default/production/mcc_generated_files/mcc.o
 .debug_frame   0x00000000000000f0      0x1bc build/default/production/mcc_generated_files/src/adc0.o
 .debug_frame   0x00000000000002ac       0x24 build/default/production/mcc_generated_files/src/vref.o
 .debug_frame   0x00000000000002d0       0x24 build/default/production/main.o

.debug_str      0x0000000000000000     0x1419
 *(.debug_str)
 .debug_str     0x0000000000000000     0x1320 C:/Program Files (x86)/Microchip/MPLABX/v5.40/packs/Microchip/AVR-Dx_DFP/1.1.40/xc8/avr/lib/avrxmega4/memx-const/crtavr128da48.o
 .debug_str     0x0000000000001320        0xb build/default/production/mcc_generated_files/src/pin_manager.o
 .debug_str     0x000000000000132b       0x13 build/default/production/mcc_generated_files/src/cpuint.o
 .debug_str     0x000000000000133e       0x74 build/default/production/mcc_generated_files/mcc.o
 .debug_str     0x00000000000013b2       0x11 build/default/production/mcc_generated_files/src/adc0.o
 .debug_str     0x00000000000013c3        0x0 build/default/production/mcc_generated_files/src/vref.o
 .debug_str     0x00000000000013c3       0x56 build/default/production/main.o
 .debug_str     0x0000000000001419        0x0 build/default/production/mcc_generated_files/device_config.o

.debug_loc      0x0000000000000000      0x329
 *(.debug_loc)
 .debug_loc     0x0000000000000000       0x78 build/default/production/mcc_generated_files/src/pin_manager.o
 .debug_loc     0x0000000000000078       0x2a build/default/production/mcc_generated_files/src/cpuint.o
 .debug_loc     0x00000000000000a2      0x19c build/default/production/mcc_generated_files/mcc.o
 .debug_loc     0x000000000000023e       0xcc build/default/production/mcc_generated_files/src/adc0.o
 .debug_loc     0x000000000000030a       0x1f build/default/production/main.o

.debug_macinfo
 *(.debug_macinfo)

.debug_weaknames
 *(.debug_weaknames)

.debug_funcnames
 *(.debug_funcnames)

.debug_typenames
 *(.debug_typenames)

.debug_varnames
 *(.debug_varnames)

.debug_pubtypes
 *(.debug_pubtypes)

.debug_ranges   0x0000000000000000      0x130
 *(.debug_ranges)
 .debug_ranges  0x0000000000000000       0x18 build/default/production/mcc_generated_files/src/pin_manager.o
 .debug_ranges  0x0000000000000018       0x10 build/default/production/mcc_generated_files/src/cpuint.o
 .debug_ranges  0x0000000000000028       0x38 build/default/production/mcc_generated_files/mcc.o
 .debug_ranges  0x0000000000000060       0xb0 build/default/production/mcc_generated_files/src/adc0.o
 .debug_ranges  0x0000000000000110       0x10 build/default/production/mcc_generated_files/src/vref.o
 .debug_ranges  0x0000000000000120       0x10 build/default/production/main.o

.debug_macro
 *(.debug_macro)
OUTPUT(dist/default/production/avr-da-cnano-low-power-lab-soft-accumulation.X.production.elf elf32-avr)
LOAD linker stubs
LOAD data_init

.note.gnu.avr.deviceinfo
                0x0000000000000000       0x40
 .note.gnu.avr.deviceinfo
                0x0000000000000000       0x40 C:/Program Files (x86)/Microchip/MPLABX/v5.40/packs/Microchip/AVR-Dx_DFP/1.1.40/xc8/avr/lib/avrxmega4/memx-const/crtavr128da48.o

.bss.ADC0_window_cb
                0x0000000000804004        0x2
 .bss.ADC0_window_cb
                0x0000000000804004        0x2 build/default/production/mcc_generated_files/src/adc0.o
                0x0000000000804004                ADC0_window_cb

.bss.accumulator
                0x0000000000804000        0x4
 .bss.accumulator
                0x0000000000804000        0x4 build/default/production/main.o
                0x0000000000804000                accumulator

.text.PIN_MANAGER_Initialize
                0x0000000000000146      0x146
 .text.PIN_MANAGER_Initialize
                0x0000000000000146      0x146 build/default/production/mcc_generated_files/src/pin_manager.o
                0x0000000000000146                PIN_MANAGER_Initialize

.text.PORT_Initialize
                0x000000000000028c       0x6e
 .text.PORT_Initialize
                0x000000000000028c       0x6e build/default/production/mcc_generated_files/src/pin_manager.o
                0x000000000000028c                PORT_Initialize

.text.__vector_25
                0x00000000000002fa       0x60
 .text.__vector_25
                0x00000000000002fa       0x60 build/default/production/mcc_generated_files/src/adc0.o
                0x00000000000002fa                __vector_25

.text.CLKCTRL_Initialize
                0x000000000000035a       0x58
 .text.CLKCTRL_Initialize
                0x000000000000035a       0x58 build/default/production/mcc_generated_files/mcc.o
                0x000000000000035a                CLKCTRL_Initialize

.text.main      0x00000000000003b2       0x58
 .text.main     0x00000000000003b2       0x58 build/default/production/main.o
                0x00000000000003b2                main

.text.ADC0_Initialize
                0x000000000000040a       0x2a
 .text.ADC0_Initialize
                0x000000000000040a       0x2a build/default/production/mcc_generated_files/src/adc0.o
                0x000000000000040a                ADC0_Initialize

.text.SYSTEM_Initialize
                0x0000000000000434       0x22
 .text.SYSTEM_Initialize
                0x0000000000000434       0x22 build/default/production/mcc_generated_files/mcc.o
                0x0000000000000434                SYSTEM_Initialize

.text.__vector_2
                0x0000000000000456       0x1e
 .text.__vector_2
                0x0000000000000456       0x1e build/default/production/mcc_generated_files/mcc.o
                0x0000000000000456                __vector_2

.text.__vector_24
                0x0000000000000474       0x1e
 .text.__vector_24
                0x0000000000000474       0x1e build/default/production/mcc_generated_files/src/adc0.o
                0x0000000000000474                __vector_24

.text.CPUINT_Initialize
                0x0000000000000492       0x18
 .text.CPUINT_Initialize
                0x0000000000000492       0x18 build/default/production/mcc_generated_files/src/cpuint.o
                0x0000000000000492                CPUINT_Initialize

.text.BOD_Initialize
                0x00000000000004aa       0x18
 .text.BOD_Initialize
                0x00000000000004aa       0x18 build/default/production/mcc_generated_files/mcc.o
                0x00000000000004aa                BOD_Initialize

.text.ADC0_StartConversion
                0x00000000000004c2       0x12
 .text.ADC0_StartConversion
                0x00000000000004c2       0x12 build/default/production/mcc_generated_files/src/adc0.o
                0x00000000000004c2                ADC0_StartConversion

.text.SLPCTRL_Initialize
                0x00000000000004d4       0x10
 .text.SLPCTRL_Initialize
                0x00000000000004d4       0x10 build/default/production/mcc_generated_files/mcc.o
                0x00000000000004d4                SLPCTRL_Initialize

.text.WDT_Initialize
                0x00000000000004e4       0x10
 .text.WDT_Initialize
                0x00000000000004e4       0x10 build/default/production/mcc_generated_files/mcc.o
                0x00000000000004e4                WDT_Initialize

.text.VREF_0_Initialize
                0x00000000000004f4       0x10
 .text.VREF_0_Initialize
                0x00000000000004f4       0x10 build/default/production/mcc_generated_files/src/vref.o
                0x00000000000004f4                VREF_0_Initialize

.text.protected_write_io
                0x0000000000000504        0xa
 .text.protected_write_io
                0x0000000000000504        0xa build/default/production/mcc_generated_files/src/protected_io.o
                0x0000000000000504                protected_write_io

.text.ADC0_GetConversionResult
                0x000000000000050e        0xa
 .text.ADC0_GetConversionResult
                0x000000000000050e        0xa build/default/production/mcc_generated_files/src/adc0.o
                0x000000000000050e                ADC0_GetConversionResult

.text.ADC0_IsConversionDone
                0x0000000000000518        0x8
 .text.ADC0_IsConversionDone
                0x0000000000000518        0x8 build/default/production/mcc_generated_files/src/adc0.o
                0x0000000000000518                ADC0_IsConversionDone

.text           0x0000000000000520        0x4
 .text          0x0000000000000520        0x4 C:/Program Files (x86)/Microchip/MPLABX/v5.40/packs/Microchip/AVR-Dx_DFP/1.1.40/xc8/avr/lib/avrxmega4/memx-const/crtavr128da48.o
                0x0000000000000520                __vector_38
                0x0000000000000520                __vector_22
                0x0000000000000520                __vector_28
                0x0000000000000520                __vector_1
                0x0000000000000520                __vector_32
                0x0000000000000520                __vector_34
                0x0000000000000520                __vector_12
                0x0000000000000520                __vector_55
                0x0000000000000520                __vector_46
                0x0000000000000520                __bad_interrupt
                0x0000000000000520                __vector_6
                0x0000000000000520                __vector_31
                0x0000000000000520                __vector_35
                0x0000000000000520                __vector_39
                0x0000000000000520                __vector_3
                0x0000000000000520                __vector_23
                0x0000000000000520                __vector_30
                0x0000000000000520                __vector_45
                0x0000000000000520                __vector_11
                0x0000000000000520                __vector_54
                0x0000000000000520                __vector_13
                0x0000000000000520                __vector_17
                0x0000000000000520                __vector_19
                0x0000000000000520                __vector_56
                0x0000000000000520                __vector_7
                0x0000000000000520                __vector_49
                0x0000000000000520                __vector_41
                0x0000000000000520                __vector_43
                0x0000000000000520                __vector_27
                0x0000000000000520                __vector_5
                0x0000000000000520                __vector_33
                0x0000000000000520                __vector_47
                0x0000000000000520                __vector_52
                0x0000000000000520                __vector_37
                0x0000000000000520                __vector_4
                0x0000000000000520                __vector_44
                0x0000000000000520                __vector_51
                0x0000000000000520                __vector_9
                0x0000000000000520                __vector_21
                0x0000000000000520                __vector_15
                0x0000000000000520                __vector_36
                0x0000000000000520                __vector_29
                0x0000000000000520                __vector_40
                0x0000000000000520                __vector_8
                0x0000000000000520                __vector_26
                0x0000000000000520                __vector_48
                0x0000000000000520                __vector_14
                0x0000000000000520                __vector_57
                0x0000000000000520                __vector_53
                0x0000000000000520                __vector_10
                0x0000000000000520                __vector_50
                0x0000000000000520                __vector_16
                0x0000000000000520                __vector_18
                0x0000000000000520                __vector_20
                0x0000000000000520                __vector_42
